[    0.000000] microcode: microcode updated early to revision 0x96, date = 2018-05-02
[    0.000000] Linux version 4.15.0-36-generic (buildd@lgw01-amd64-031) (gcc version 7.3.0 (Ubuntu 7.3.0-16ubuntu3)) #39-Ubuntu SMP Mon Sep 24 16:19:09 UTC 2018 (Ubuntu 4.15.0-36.39-generic 4.15.18)
[    0.000000] Command line: BOOT_IMAGE=/boot/vmlinuz-4.15.0-36-generic root=UUID=663fbf20-abfa-44a2-af9a-aa8e060ee1ab ro quiet splash vt.handoff=1
[    0.000000] KERNEL supported cpus:
[    0.000000]   Intel GenuineIntel
[    0.000000]   AMD AuthenticAMD
[    0.000000]   Centaur CentaurHauls
[    0.000000] x86/fpu: Supporting XSAVE feature 0x001: 'x87 floating point registers'
[    0.000000] x86/fpu: Supporting XSAVE feature 0x002: 'SSE registers'
[    0.000000] x86/fpu: Supporting XSAVE feature 0x004: 'AVX registers'
[    0.000000] x86/fpu: Supporting XSAVE feature 0x008: 'MPX bounds registers'
[    0.000000] x86/fpu: Supporting XSAVE feature 0x010: 'MPX CSR'
[    0.000000] x86/fpu: xstate_offset[2]:  576, xstate_sizes[2]:  256
[    0.000000] x86/fpu: xstate_offset[3]:  832, xstate_sizes[3]:   64
[    0.000000] x86/fpu: xstate_offset[4]:  896, xstate_sizes[4]:   64
[    0.000000] x86/fpu: Enabled xstate features 0x1f, context size is 960 bytes, using 'compacted' format.
[    0.000000] e820: BIOS-provided physical RAM map:
[    0.000000] BIOS-e820: [mem 0x0000000000000000-0x0000000000057fff] usable
[    0.000000] BIOS-e820: [mem 0x0000000000058000-0x0000000000058fff] reserved
[    0.000000] BIOS-e820: [mem 0x0000000000059000-0x000000000009efff] usable
[    0.000000] BIOS-e820: [mem 0x000000000009f000-0x00000000000fffff] reserved
[    0.000000] BIOS-e820: [mem 0x0000000000100000-0x00000000b75a7fff] usable
[    0.000000] BIOS-e820: [mem 0x00000000b75a8000-0x00000000b75e0fff] ACPI data
[    0.000000] BIOS-e820: [mem 0x00000000b75e1000-0x00000000b7994fff] usable
[    0.000000] BIOS-e820: [mem 0x00000000b7995000-0x00000000b7995fff] ACPI NVS
[    0.000000] BIOS-e820: [mem 0x00000000b7996000-0x00000000b7996fff] reserved
[    0.000000] BIOS-e820: [mem 0x00000000b7997000-0x00000000c465afff] usable
[    0.000000] BIOS-e820: [mem 0x00000000c465b000-0x00000000c5f3ffff] reserved
[    0.000000] BIOS-e820: [mem 0x00000000c5f40000-0x00000000c5f54fff] ACPI data
[    0.000000] BIOS-e820: [mem 0x00000000c5f55000-0x00000000c6051fff] usable
[    0.000000] BIOS-e820: [mem 0x00000000c6052000-0x00000000c6379fff] ACPI NVS
[    0.000000] BIOS-e820: [mem 0x00000000c637a000-0x00000000c7730fff] reserved
[    0.000000] BIOS-e820: [mem 0x00000000c7731000-0x00000000c77a1fff] type 20
[    0.000000] BIOS-e820: [mem 0x00000000c77a2000-0x00000000c77fffff] usable
[    0.000000] BIOS-e820: [mem 0x00000000c7800000-0x00000000c7ffffff] reserved
[    0.000000] BIOS-e820: [mem 0x00000000f8000000-0x00000000fbffffff] reserved
[    0.000000] BIOS-e820: [mem 0x00000000fe000000-0x00000000fe010fff] reserved
[    0.000000] BIOS-e820: [mem 0x00000000fec00000-0x00000000fec00fff] reserved
[    0.000000] BIOS-e820: [mem 0x00000000fed00000-0x00000000fed00fff] reserved
[    0.000000] BIOS-e820: [mem 0x00000000fee00000-0x00000000fee00fff] reserved
[    0.000000] BIOS-e820: [mem 0x00000000ff000000-0x00000000ffffffff] reserved
[    0.000000] BIOS-e820: [mem 0x0000000100000000-0x0000000436ffffff] usable
[    0.000000] NX (Execute Disable) protection: active
[    0.000000] efi: EFI v2.60 by American Megatrends
[    0.000000] efi:  ACPI 2.0=0xb75a8000  ACPI=0xb75a8000  SMBIOS=0xc768e000  SMBIOS 3.0=0xc768d000  MPS=0xfcb20  ESRT=0xc25c4998 
[    0.000000] secureboot: Secure boot could not be determined (mode 0)
[    0.000000] SMBIOS 3.0.0 present.
[    0.000000] DMI: System manufacturer System Product Name/TUF Z370-PLUS GAMING, BIOS 0805 05/18/2018
[    0.000000] e820: update [mem 0x00000000-0x00000fff] usable ==> reserved
[    0.000000] e820: remove [mem 0x000a0000-0x000fffff] usable
[    0.000000] e820: last_pfn = 0x437000 max_arch_pfn = 0x400000000
[    0.000000] MTRR default type: write-back
[    0.000000] MTRR fixed ranges enabled:
[    0.000000]   00000-9FFFF write-back
[    0.000000]   A0000-BFFFF uncachable
[    0.000000]   C0000-FFFFF write-protect
[    0.000000] MTRR variable ranges enabled:
[    0.000000]   0 base 00E0000000 mask 7FE0000000 uncachable
[    0.000000]   1 base 00D0000000 mask 7FF0000000 uncachable
[    0.000000]   2 base 00C8000000 mask 7FF8000000 uncachable
[    0.000000]   3 disabled
[    0.000000]   4 disabled
[    0.000000]   5 disabled
[    0.000000]   6 disabled
[    0.000000]   7 disabled
[    0.000000]   8 disabled
[    0.000000]   9 disabled
[    0.000000] x86/PAT: Configuration [0-7]: WB  WC  UC- UC  WB  WP  UC- WT  
[    0.000000] e820: last_pfn = 0xc7800 max_arch_pfn = 0x400000000
[    0.000000] found SMP MP-table at [mem 0x000fcde0-0x000fcdef] mapped at [        (ptrval)]
[    0.000000] esrt: Reserving ESRT space from 0x00000000c25c4998 to 0x00000000c25c49d0.
[    0.000000] Scanning 1 areas for low memory corruption
[    0.000000] Base memory trampoline at [        (ptrval)] 95000 size 24576
[    0.000000] Using GB pages for direct mapping
[    0.000000] BRK [0x34f93f000, 0x34f93ffff] PGTABLE
[    0.000000] BRK [0x34f940000, 0x34f940fff] PGTABLE
[    0.000000] BRK [0x34f941000, 0x34f941fff] PGTABLE
[    0.000000] BRK [0x34f942000, 0x34f942fff] PGTABLE
[    0.000000] BRK [0x34f943000, 0x34f943fff] PGTABLE
[    0.000000] BRK [0x34f944000, 0x34f944fff] PGTABLE
[    0.000000] BRK [0x34f945000, 0x34f945fff] PGTABLE
[    0.000000] BRK [0x34f946000, 0x34f946fff] PGTABLE
[    0.000000] BRK [0x34f947000, 0x34f947fff] PGTABLE
[    0.000000] BRK [0x34f948000, 0x34f948fff] PGTABLE
[    0.000000] BRK [0x34f949000, 0x34f949fff] PGTABLE
[    0.000000] BRK [0x34f94a000, 0x34f94afff] PGTABLE
[    0.000000] RAMDISK: [mem 0x301a1000-0x340c7fff]
[    0.000000] ACPI: Early table checksum verification disabled
[    0.000000] ACPI: RSDP 0x00000000B75A8000 000024 (v02 ALASKA)
[    0.000000] ACPI: XSDT 0x00000000B75A80B0 0000DC (v01 ALASKA A M I    01072009 AMI  00010013)
[    0.000000] ACPI: FACP 0x00000000B75D3530 000114 (v06 ALASKA A M I    01072009 AMI  00010013)
[    0.000000] ACPI: DSDT 0x00000000B75A8228 02B307 (v02 ALASKA A M I    01072009 INTL 20160422)
[    0.000000] ACPI: FACS 0x00000000C6379F00 000040
[    0.000000] ACPI: APIC 0x00000000B75D3648 0000F4 (v03 ALASKA A M I    01072009 AMI  00010013)
[    0.000000] ACPI: FPDT 0x00000000B75D3740 000044 (v01 ALASKA A M I    01072009 AMI  00010013)
[    0.000000] ACPI: FIDT 0x00000000B75D3788 00009C (v01 ALASKA A M I    01072009 AMI  00010013)
[    0.000000] ACPI: WSMT 0x00000000B75E02A0 000028 (v01 ALASKA A M I    01072009 AMI  00010013)
[    0.000000] ACPI: MCFG 0x00000000B75D3880 00003C (v01 ALASKA A M I    01072009 MSFT 00000097)
[    0.000000] ACPI: SSDT 0x00000000B75D38C0 0003A3 (v01 SataRe SataTabl 00001000 INTL 20160422)
[    0.000000] ACPI: SSDT 0x00000000B75D3C68 003043 (v02 SaSsdt SaSsdt   00003000 INTL 20160422)
[    0.000000] ACPI: SSDT 0x00000000B75D6CB0 002611 (v02 PegSsd PegSsdt  00001000 INTL 20160422)
[    0.000000] ACPI: HPET 0x00000000B75D92C8 000038 (v01 INTEL  KBL      00000001 MSFT 0000005F)
[    0.000000] ACPI: SSDT 0x00000000B75D9300 0011A2 (v02 INTEL  Ther_Rvp 00001000 INTL 20160422)
[    0.000000] ACPI: SSDT 0x00000000B75DA4A8 000B1D (v02 INTEL  xh_rvp08 00000000 INTL 20160422)
[    0.000000] ACPI: UEFI 0x00000000B75DAFC8 000042 (v01 ALASKA A M I    00000002      01000013)
[    0.000000] ACPI: SSDT 0x00000000B75DB010 0017AE (v02 CpuRef CpuSsdt  00003000 INTL 20160422)
[    0.000000] ACPI: LPIT 0x00000000B75DC7C0 000094 (v01 INTEL  KBL      00000000 MSFT 0000005F)
[    0.000000] ACPI: SSDT 0x00000000B75DC858 000141 (v02 INTEL  HdaDsp   00000000 INTL 20160422)
[    0.000000] ACPI: SSDT 0x00000000B75DC9A0 00029F (v02 INTEL  sensrhub 00000000 INTL 20160422)
[    0.000000] ACPI: SSDT 0x00000000B75DCC40 003002 (v02 INTEL  PtidDevc 00001000 INTL 20160422)
[    0.000000] ACPI: SSDT 0x00000000B75DFC48 000517 (v02 INTEL  TbtTypeC 00000000 INTL 20160422)
[    0.000000] ACPI: DBGP 0x00000000B75E0160 000034 (v01 INTEL           00000002 MSFT 0000005F)
[    0.000000] ACPI: DBG2 0x00000000B75E0198 000054 (v00 INTEL           00000002 MSFT 0000005F)
[    0.000000] ACPI: DMAR 0x00000000B75E01F0 000078 (v01 INTEL  KBL      00000001 INTL 00000001)
[    0.000000] ACPI: BGRT 0x00000000B75E0268 000038 (v01 ALASKA A M I    01072009 AMI  00010013)
[    0.000000] ACPI: Local APIC address 0xfee00000
[    0.000000] No NUMA configuration found
[    0.000000] Faking a node at [mem 0x0000000000000000-0x0000000436ffffff]
[    0.000000] NODE_DATA(0) allocated [mem 0x436fd4000-0x436ffefff]
[    0.000000] Zone ranges:
[    0.000000]   DMA      [mem 0x0000000000001000-0x0000000000ffffff]
[    0.000000]   DMA32    [mem 0x0000000001000000-0x00000000ffffffff]
[    0.000000]   Normal   [mem 0x0000000100000000-0x0000000436ffffff]
[    0.000000]   Device   empty
[    0.000000] Movable zone start for each node
[    0.000000] Early memory node ranges
[    0.000000]   node   0: [mem 0x0000000000001000-0x0000000000057fff]
[    0.000000]   node   0: [mem 0x0000000000059000-0x000000000009efff]
[    0.000000]   node   0: [mem 0x0000000000100000-0x00000000b75a7fff]
[    0.000000]   node   0: [mem 0x00000000b75e1000-0x00000000b7994fff]
[    0.000000]   node   0: [mem 0x00000000b7997000-0x00000000c465afff]
[    0.000000]   node   0: [mem 0x00000000c5f55000-0x00000000c6051fff]
[    0.000000]   node   0: [mem 0x00000000c77a2000-0x00000000c77fffff]
[    0.000000]   node   0: [mem 0x0000000100000000-0x0000000436ffffff]
[    0.000000] Initmem setup node 0 [mem 0x0000000000001000-0x0000000436ffffff]
[    0.000000] On node 0 totalpages: 4175640
[    0.000000]   DMA zone: 64 pages used for memmap
[    0.000000]   DMA zone: 27 pages reserved
[    0.000000]   DMA zone: 3997 pages, LIFO batch:0
[    0.000000]   DMA32 zone: 12510 pages used for memmap
[    0.000000]   DMA32 zone: 800635 pages, LIFO batch:31
[    0.000000]   Normal zone: 52672 pages used for memmap
[    0.000000]   Normal zone: 3371008 pages, LIFO batch:31
[    0.000000] Reserved but unavailable: 98 pages
[    0.000000] ACPI: PM-Timer IO Port: 0x1808
[    0.000000] ACPI: Local APIC address 0xfee00000
[    0.000000] ACPI: LAPIC_NMI (acpi_id[0x01] high edge lint[0x1])
[    0.000000] ACPI: LAPIC_NMI (acpi_id[0x02] high edge lint[0x1])
[    0.000000] ACPI: LAPIC_NMI (acpi_id[0x03] high edge lint[0x1])
[    0.000000] ACPI: LAPIC_NMI (acpi_id[0x04] high edge lint[0x1])
[    0.000000] ACPI: LAPIC_NMI (acpi_id[0x05] high edge lint[0x1])
[    0.000000] ACPI: LAPIC_NMI (acpi_id[0x06] high edge lint[0x1])
[    0.000000] ACPI: LAPIC_NMI (acpi_id[0x07] high edge lint[0x1])
[    0.000000] ACPI: LAPIC_NMI (acpi_id[0x08] high edge lint[0x1])
[    0.000000] ACPI: LAPIC_NMI (acpi_id[0x09] high edge lint[0x1])
[    0.000000] ACPI: LAPIC_NMI (acpi_id[0x0a] high edge lint[0x1])
[    0.000000] ACPI: LAPIC_NMI (acpi_id[0x0b] high edge lint[0x1])
[    0.000000] ACPI: LAPIC_NMI (acpi_id[0x0c] high edge lint[0x1])
[    0.000000] IOAPIC[0]: apic_id 2, version 32, address 0xfec00000, GSI 0-119
[    0.000000] ACPI: INT_SRC_OVR (bus 0 bus_irq 0 global_irq 2 dfl dfl)
[    0.000000] ACPI: INT_SRC_OVR (bus 0 bus_irq 9 global_irq 9 high level)
[    0.000000] ACPI: IRQ0 used by override.
[    0.000000] ACPI: IRQ9 used by override.
[    0.000000] Using ACPI (MADT) for SMP configuration information
[    0.000000] ACPI: HPET id: 0x8086a201 base: 0xfed00000
[    0.000000] smpboot: Allowing 12 CPUs, 0 hotplug CPUs
[    0.000000] PM: Registered nosave memory: [mem 0x00000000-0x00000fff]
[    0.000000] PM: Registered nosave memory: [mem 0x00058000-0x00058fff]
[    0.000000] PM: Registered nosave memory: [mem 0x0009f000-0x000fffff]
[    0.000000] PM: Registered nosave memory: [mem 0xb75a8000-0xb75e0fff]
[    0.000000] PM: Registered nosave memory: [mem 0xb7995000-0xb7995fff]
[    0.000000] PM: Registered nosave memory: [mem 0xb7996000-0xb7996fff]
[    0.000000] PM: Registered nosave memory: [mem 0xc465b000-0xc5f3ffff]
[    0.000000] PM: Registered nosave memory: [mem 0xc5f40000-0xc5f54fff]
[    0.000000] PM: Registered nosave memory: [mem 0xc6052000-0xc6379fff]
[    0.000000] PM: Registered nosave memory: [mem 0xc637a000-0xc7730fff]
[    0.000000] PM: Registered nosave memory: [mem 0xc7731000-0xc77a1fff]
[    0.000000] PM: Registered nosave memory: [mem 0xc7800000-0xc7ffffff]
[    0.000000] PM: Registered nosave memory: [mem 0xc8000000-0xf7ffffff]
[    0.000000] PM: Registered nosave memory: [mem 0xf8000000-0xfbffffff]
[    0.000000] PM: Registered nosave memory: [mem 0xfc000000-0xfdffffff]
[    0.000000] PM: Registered nosave memory: [mem 0xfe000000-0xfe010fff]
[    0.000000] PM: Registered nosave memory: [mem 0xfe011000-0xfebfffff]
[    0.000000] PM: Registered nosave memory: [mem 0xfec00000-0xfec00fff]
[    0.000000] PM: Registered nosave memory: [mem 0xfec01000-0xfecfffff]
[    0.000000] PM: Registered nosave memory: [mem 0xfed00000-0xfed00fff]
[    0.000000] PM: Registered nosave memory: [mem 0xfed01000-0xfedfffff]
[    0.000000] PM: Registered nosave memory: [mem 0xfee00000-0xfee00fff]
[    0.000000] PM: Registered nosave memory: [mem 0xfee01000-0xfeffffff]
[    0.000000] PM: Registered nosave memory: [mem 0xff000000-0xffffffff]
[    0.000000] e820: [mem 0xc8000000-0xf7ffffff] available for PCI devices
[    0.000000] Booting paravirtualized kernel on bare hardware
[    0.000000] clocksource: refined-jiffies: mask: 0xffffffff max_cycles: 0xffffffff, max_idle_ns: 7645519600211568 ns
[    0.000000] random: get_random_bytes called from start_kernel+0x99/0x4fd with crng_init=0
[    0.000000] setup_percpu: NR_CPUS:8192 nr_cpumask_bits:12 nr_cpu_ids:12 nr_node_ids:1
[    0.000000] percpu: Embedded 46 pages/cpu @        (ptrval) s151552 r8192 d28672 u262144
[    0.000000] pcpu-alloc: s151552 r8192 d28672 u262144 alloc=1*2097152
[    0.000000] pcpu-alloc: [0] 00 01 02 03 04 05 06 07 [0] 08 09 10 11 -- -- -- -- 
[    0.000000] Built 1 zonelists, mobility grouping on.  Total pages: 4110367
[    0.000000] Policy zone: Normal
[    0.000000] Kernel command line: BOOT_IMAGE=/boot/vmlinuz-4.15.0-36-generic root=UUID=663fbf20-abfa-44a2-af9a-aa8e060ee1ab ro quiet splash vt.handoff=1
[    0.000000] Calgary: detecting Calgary via BIOS EBDA area
[    0.000000] Calgary: Unable to locate Rio Grande table in EBDA - bailing!
[    0.000000] Memory: 16067736K/16702560K available (12300K kernel code, 2472K rwdata, 4248K rodata, 2408K init, 2416K bss, 634824K reserved, 0K cma-reserved)
[    0.000000] SLUB: HWalign=64, Order=0-3, MinObjects=0, CPUs=12, Nodes=1
[    0.000000] Kernel/User page tables isolation: enabled
[    0.000000] ftrace: allocating 39168 entries in 154 pages
[    0.000000] Hierarchical RCU implementation.
[    0.000000] 	RCU restricting CPUs from NR_CPUS=8192 to nr_cpu_ids=12.
[    0.000000] 	Tasks RCU enabled.
[    0.000000] RCU: Adjusting geometry for rcu_fanout_leaf=16, nr_cpu_ids=12
[    0.000000] NR_IRQS: 524544, nr_irqs: 2152, preallocated irqs: 16
[    0.000000] vt handoff: transparent VT on vt#1
[    0.000000] Console: colour dummy device 80x25
[    0.000000] console [tty0] enabled
[    0.000000] ACPI: Core revision 20170831
[    0.000000] ACPI: 11 ACPI AML tables successfully acquired and loaded
[    0.000000] clocksource: hpet: mask: 0xffffffff max_cycles: 0xffffffff, max_idle_ns: 79635855245 ns
[    0.000000] hpet clockevent registered
[    0.004000] APIC: Switch to symmetric I/O mode setup
[    0.004000] DMAR: Host address width 39
[    0.004000] DMAR: DRHD base: 0x000000fed90000 flags: 0x1
[    0.004000] DMAR: dmar0: reg_base_addr fed90000 ver 1:0 cap d2008c40660462 ecap f050da
[    0.004000] DMAR: RMRR base: 0x000000c4e7f000 end: 0x000000c4e9efff
[    0.004000] DMAR-IR: IOAPIC id 2 under DRHD base  0xfed90000 IOMMU 0
[    0.004000] DMAR-IR: HPET id 0 under DRHD base 0xfed90000
[    0.004000] DMAR-IR: Queued invalidation will be enabled to support x2apic and Intr-remapping.
[    0.004000] DMAR-IR: Enabled IRQ remapping in x2apic mode
[    0.004000] x2apic enabled
[    0.004000] Switched APIC routing to cluster x2apic.
[    0.008000] ..TIMER: vector=0x30 apic1=0 pin1=2 apic2=-1 pin2=-1
[    0.028000] tsc: Detected 3200.000 MHz processor
[    0.028000] tsc: Detected 3192.000 MHz TSC
[    0.028000] Calibrating delay loop (skipped), value calculated using timer frequency.. 6384.00 BogoMIPS (lpj=12768000)
[    0.028000] pid_max: default: 32768 minimum: 301
[    0.028000] Security Framework initialized
[    0.028000] Yama: becoming mindful.
[    0.028000] AppArmor: AppArmor initialized
[    0.028000] Dentry cache hash table entries: 2097152 (order: 12, 16777216 bytes)
[    0.028000] Inode-cache hash table entries: 1048576 (order: 11, 8388608 bytes)
[    0.028000] Mount-cache hash table entries: 32768 (order: 6, 262144 bytes)
[    0.028000] Mountpoint-cache hash table entries: 32768 (order: 6, 262144 bytes)
[    0.028000] ENERGY_PERF_BIAS: Set to 'normal', was 'performance'
[    0.028000] ENERGY_PERF_BIAS: View and update with x86_energy_perf_policy(8)
[    0.028000] mce: CPU supports 12 MCE banks
[    0.028000] CPU0: Thermal monitoring enabled (TM1)
[    0.028000] process: using mwait in idle threads
[    0.028000] Last level iTLB entries: 4KB 64, 2MB 8, 4MB 8
[    0.028000] Last level dTLB entries: 4KB 64, 2MB 0, 4MB 0, 1GB 4
[    0.028000] Spectre V2 : Mitigation: Full generic retpoline
[    0.028000] Spectre V2 : Spectre v2 / SpectreRSB mitigation: Filling RSB on context switch
[    0.028000] Spectre V2 : Spectre v2 mitigation: Enabling Indirect Branch Prediction Barrier
[    0.028000] Spectre V2 : Enabling Restricted Speculation for firmware calls
[    0.028000] Speculative Store Bypass: Mitigation: Speculative Store Bypass disabled via prctl and seccomp
[    0.037388] Freeing SMP alternatives memory: 36K
[    0.042557] TSC deadline timer enabled
[    0.042562] smpboot: CPU0: Intel(R) Core(TM) i7-8700 CPU @ 3.20GHz (family: 0x6, model: 0x9e, stepping: 0xa)
[    0.042608] Performance Events: PEBS fmt3+, Skylake events, 32-deep LBR, full-width counters, Intel PMU driver.
[    0.042633] ... version:                4
[    0.042633] ... bit width:              48
[    0.042634] ... generic registers:      4
[    0.042634] ... value mask:             0000ffffffffffff
[    0.042635] ... max period:             00007fffffffffff
[    0.042635] ... fixed-purpose events:   3
[    0.042635] ... event mask:             000000070000000f
[    0.042664] Hierarchical SRCU implementation.
[    0.043762] NMI watchdog: Enabled. Permanently consumes one hw-PMU counter.
[    0.043771] smp: Bringing up secondary CPUs ...
[    0.043815] x86: Booting SMP configuration:
[    0.043816] .... node  #0, CPUs:        #1  #2  #3  #4  #5  #6  #7  #8  #9 #10 #11
[    0.052459] smp: Brought up 1 node, 12 CPUs
[    0.052459] smpboot: Max logical packages: 1
[    0.052459] smpboot: Total of 12 processors activated (76608.00 BogoMIPS)
[    0.056352] devtmpfs: initialized
[    0.056352] x86/mm: Memory block size: 128MB
[    0.056847] evm: security.selinux
[    0.056848] evm: security.SMACK64
[    0.056848] evm: security.SMACK64EXEC
[    0.056848] evm: security.SMACK64TRANSMUTE
[    0.056849] evm: security.SMACK64MMAP
[    0.056849] evm: security.apparmor
[    0.056850] evm: security.ima
[    0.056850] evm: security.capability
[    0.056860] PM: Registering ACPI NVS region [mem 0xb7995000-0xb7995fff] (4096 bytes)
[    0.056860] PM: Registering ACPI NVS region [mem 0xc6052000-0xc6379fff] (3309568 bytes)
[    0.056860] clocksource: jiffies: mask: 0xffffffff max_cycles: 0xffffffff, max_idle_ns: 7645041785100000 ns
[    0.056860] futex hash table entries: 4096 (order: 6, 262144 bytes)
[    0.056860] pinctrl core: initialized pinctrl subsystem
[    0.056860] RTC time: 14:40:35, date: 11/20/18
[    0.056860] NET: Registered protocol family 16
[    0.056860] audit: initializing netlink subsys (disabled)
[    0.056860] audit: type=2000 audit(1542724835.056:1): state=initialized audit_enabled=0 res=1
[    0.056860] cpuidle: using governor ladder
[    0.056860] cpuidle: using governor menu
[    0.056860] ACPI FADT declares the system doesn't support PCIe ASPM, so disable it
[    0.056860] ACPI: bus type PCI registered
[    0.056860] acpiphp: ACPI Hot Plug PCI Controller Driver version: 0.5
[    0.056860] PCI: MMCONFIG for domain 0000 [bus 00-3f] at [mem 0xf8000000-0xfbffffff] (base 0xf8000000)
[    0.056860] PCI: MMCONFIG at [mem 0xf8000000-0xfbffffff] reserved in E820
[    0.056860] PCI: Using configuration type 1 for base access
[    0.057060] HugeTLB registered 1.00 GiB page size, pre-allocated 0 pages
[    0.057060] HugeTLB registered 2.00 MiB page size, pre-allocated 0 pages
[    0.057061] ACPI: Added _OSI(Module Device)
[    0.057061] ACPI: Added _OSI(Processor Device)
[    0.057061] ACPI: Added _OSI(3.0 _SCP Extensions)
[    0.057061] ACPI: Added _OSI(Processor Aggregator Device)
[    0.057061] ACPI: Added _OSI(Linux-Dell-Video)
[    0.057061] ACPI: Added _OSI(Linux-Lenovo-NV-HDMI-Audio)
[    0.061495] ACPI Error: [_SB_.PCI0.RP05.PXSX] Namespace lookup failure, AE_NOT_FOUND (20170831/dswload2-191)
[    0.061502] No Local Variables are initialized for Method [PXSX]
[    0.061502] No Arguments are initialized for method [PXSX]
[    0.061503] ACPI Exception: AE_NOT_FOUND, During name lookup/catalog (20170831/psobject-252)
[    0.061506] ACPI Error: Method parse/execution failed \_SB.PCI0.RP04.PXSX, AE_NOT_FOUND (20170831/psparse-550)
[    0.061894] ACPI Error: [_SB_.PCI0.RP09.PXSX] Namespace lookup failure, AE_NOT_FOUND (20170831/dswload2-191)
[    0.061898] No Local Variables are initialized for Method [PXSX]
[    0.061899] No Arguments are initialized for method [PXSX]
[    0.061900] ACPI Exception: AE_NOT_FOUND, During name lookup/catalog (20170831/psobject-252)
[    0.061902] ACPI Error: Method parse/execution failed \_SB.PCI0.RP08.PXSX, AE_NOT_FOUND (20170831/psparse-550)
[    0.063288] ACPI: Executed 53 blocks of module-level executable AML code
[    0.078027] ACPI: Dynamic OEM Table Load:
[    0.078027] ACPI: SSDT 0xFFFF973C23A40000 0006D5 (v02 PmRef  Cpu0Ist  00003000 INTL 20160422)
[    0.078027] ACPI: Executed 1 blocks of module-level executable AML code
[    0.078027] ACPI: \_PR_.PR00: _OSC native thermal LVT Acked
[    0.078027] ACPI: Dynamic OEM Table Load:
[    0.078027] ACPI: SSDT 0xFFFF973C23643800 0003FF (v02 PmRef  Cpu0Cst  00003001 INTL 20160422)
[    0.078027] ACPI: Executed 1 blocks of module-level executable AML code
[    0.078027] ACPI: Dynamic OEM Table Load:
[    0.078027] ACPI: SSDT 0xFFFF973C23A953C0 0000BA (v02 PmRef  Cpu0Hwp  00003000 INTL 20160422)
[    0.078027] ACPI: Executed 1 blocks of module-level executable AML code
[    0.078027] ACPI: Dynamic OEM Table Load:
[    0.078027] ACPI: SSDT 0xFFFF973C23A9F000 000628 (v02 PmRef  HwpLvt   00003000 INTL 20160422)
[    0.078027] ACPI: Executed 1 blocks of module-level executable AML code
[    0.080459] ACPI: Dynamic OEM Table Load:
[    0.080466] ACPI: SSDT 0xFFFF973C23B06000 000D14 (v02 PmRef  ApIst    00003000 INTL 20160422)
[    0.081277] ACPI: Executed 1 blocks of module-level executable AML code
[    0.081289] ACPI: Dynamic OEM Table Load:
[    0.081289] ACPI: SSDT 0xFFFF973C234DB000 000317 (v02 PmRef  ApHwp    00003000 INTL 20160422)
[    0.081289] ACPI: Executed 1 blocks of module-level executable AML code
[    0.081289] ACPI: Dynamic OEM Table Load:
[    0.081289] ACPI: SSDT 0xFFFF973C23529800 00030A (v02 PmRef  ApCst    00003000 INTL 20160422)
[    0.081289] ACPI: Executed 1 blocks of module-level executable AML code
[    0.084315] ACPI: Interpreter enabled
[    0.084348] ACPI: (supports S0 S3 S4 S5)
[    0.084349] ACPI: Using IOAPIC for interrupt routing
[    0.084385] PCI: Using host bridge windows from ACPI; if necessary, use "pci=nocrs" and report a bug
[    0.085440] ACPI: Enabled 7 GPEs in block 00 to 7F
[    0.088337] ACPI: Power Resource [PG00] (on)
[    0.088681] ACPI: Power Resource [PG01] (on)
[    0.089019] ACPI: Power Resource [PG02] (on)
[    0.118145] ACPI: Power Resource [FN00] (off)
[    0.118233] ACPI: Power Resource [FN01] (off)
[    0.118319] ACPI: Power Resource [FN02] (off)
[    0.118402] ACPI: Power Resource [FN03] (off)
[    0.118487] ACPI: Power Resource [FN04] (off)
[    0.120131] ACPI: PCI Root Bridge [PCI0] (domain 0000 [bus 00-3e])
[    0.120137] acpi PNP0A08:00: _OSC: OS supports [ExtendedConfig ASPM ClockPM Segments MSI]
[    0.120341] acpi PNP0A08:00: _OSC: platform does not support [PCIeHotplug PME]
[    0.120536] acpi PNP0A08:00: _OSC: OS now controls [AER PCIeCapability]
[    0.120536] acpi PNP0A08:00: FADT indicates ASPM is unsupported, using BIOS configuration
[    0.121577] PCI host bridge to bus 0000:00
[    0.121579] pci_bus 0000:00: root bus resource [io  0x0000-0x0cf7 window]
[    0.121580] pci_bus 0000:00: root bus resource [io  0x0d00-0xffff window]
[    0.121581] pci_bus 0000:00: root bus resource [mem 0x000a0000-0x000bffff window]
[    0.121582] pci_bus 0000:00: root bus resource [mem 0xc8000000-0xf7ffffff window]
[    0.121583] pci_bus 0000:00: root bus resource [mem 0xfd000000-0xfe7fffff window]
[    0.121584] pci_bus 0000:00: root bus resource [bus 00-3e]
[    0.121590] pci 0000:00:00.0: [8086:3ec2] type 00 class 0x060000
[    0.121913] pci 0000:00:01.0: [8086:1901] type 01 class 0x060400
[    0.121949] pci 0000:00:01.0: PME# supported from D0 D3hot D3cold
[    0.122191] pci 0000:00:14.0: [8086:a2af] type 00 class 0x0c0330
[    0.122210] pci 0000:00:14.0: reg 0x10: [mem 0xf7330000-0xf733ffff 64bit]
[    0.122269] pci 0000:00:14.0: PME# supported from D3hot D3cold
[    0.122490] pci 0000:00:16.0: [8086:a2ba] type 00 class 0x078000
[    0.122513] pci 0000:00:16.0: reg 0x10: [mem 0xf734d000-0xf734dfff 64bit]
[    0.122567] pci 0000:00:16.0: PME# supported from D3hot
[    0.122753] pci 0000:00:17.0: [8086:a282] type 00 class 0x010601
[    0.122768] pci 0000:00:17.0: reg 0x10: [mem 0xf7348000-0xf7349fff]
[    0.122774] pci 0000:00:17.0: reg 0x14: [mem 0xf734c000-0xf734c0ff]
[    0.122780] pci 0000:00:17.0: reg 0x18: [io  0xf050-0xf057]
[    0.122786] pci 0000:00:17.0: reg 0x1c: [io  0xf040-0xf043]
[    0.122792] pci 0000:00:17.0: reg 0x20: [io  0xf020-0xf03f]
[    0.122798] pci 0000:00:17.0: reg 0x24: [mem 0xf734b000-0xf734b7ff]
[    0.122833] pci 0000:00:17.0: PME# supported from D3hot
[    0.122975] pci 0000:00:1b.0: [8086:a2e7] type 01 class 0x060400
[    0.123036] pci 0000:00:1b.0: PME# supported from D0 D3hot D3cold
[    0.123221] pci 0000:00:1c.0: [8086:a290] type 01 class 0x060400
[    0.123274] pci 0000:00:1c.0: PME# supported from D0 D3hot D3cold
[    0.123437] pci 0000:00:1c.2: [8086:a292] type 01 class 0x060400
[    0.123495] pci 0000:00:1c.2: PME# supported from D0 D3hot D3cold
[    0.123681] pci 0000:00:1d.0: [8086:a298] type 01 class 0x060400
[    0.123738] pci 0000:00:1d.0: PME# supported from D0 D3hot D3cold
[    0.123927] pci 0000:00:1f.0: [8086:a2c9] type 00 class 0x060100
[    0.124157] pci 0000:00:1f.2: [8086:a2a1] type 00 class 0x058000
[    0.124171] pci 0000:00:1f.2: reg 0x10: [mem 0xf7344000-0xf7347fff]
[    0.124348] pci 0000:00:1f.3: [8086:a2f0] type 00 class 0x040300
[    0.124373] pci 0000:00:1f.3: reg 0x10: [mem 0xf7340000-0xf7343fff 64bit]
[    0.124402] pci 0000:00:1f.3: reg 0x20: [mem 0xf7320000-0xf732ffff 64bit]
[    0.124447] pci 0000:00:1f.3: PME# supported from D3hot D3cold
[    0.124675] pci 0000:00:1f.4: [8086:a2a3] type 00 class 0x0c0500
[    0.124735] pci 0000:00:1f.4: reg 0x10: [mem 0xf734a000-0xf734a0ff 64bit]
[    0.124804] pci 0000:00:1f.4: reg 0x20: [io  0xf000-0xf01f]
[    0.125012] pci 0000:00:1f.6: [8086:15b8] type 00 class 0x020000
[    0.125038] pci 0000:00:1f.6: reg 0x10: [mem 0xf7300000-0xf731ffff]
[    0.125142] pci 0000:00:1f.6: PME# supported from D0 D3hot D3cold
[    0.125305] pci 0000:01:00.0: [10de:1b80] type 00 class 0x030000
[    0.125322] pci 0000:01:00.0: reg 0x10: [mem 0xf6000000-0xf6ffffff]
[    0.125331] pci 0000:01:00.0: reg 0x14: [mem 0xe0000000-0xefffffff 64bit pref]
[    0.125340] pci 0000:01:00.0: reg 0x1c: [mem 0xf0000000-0xf1ffffff 64bit pref]
[    0.125347] pci 0000:01:00.0: reg 0x24: [io  0xe000-0xe07f]
[    0.125353] pci 0000:01:00.0: reg 0x30: [mem 0xf7000000-0xf707ffff pref]
[    0.125367] pci 0000:01:00.0: BAR 3: assigned to efifb
[    0.125448] pci 0000:01:00.1: [10de:10f0] type 00 class 0x040300
[    0.125461] pci 0000:01:00.1: reg 0x10: [mem 0xf7080000-0xf7083fff]
[    0.136042] pci 0000:00:01.0: PCI bridge to [bus 01]
[    0.136044] pci 0000:00:01.0:   bridge window [io  0xe000-0xefff]
[    0.136046] pci 0000:00:01.0:   bridge window [mem 0xf6000000-0xf70fffff]
[    0.136049] pci 0000:00:01.0:   bridge window [mem 0xe0000000-0xf1ffffff 64bit pref]
[    0.136107] pci 0000:00:1b.0: PCI bridge to [bus 02]
[    0.136152] pci 0000:00:1c.0: PCI bridge to [bus 03]
[    0.136207] pci 0000:04:00.0: [1b21:1242] type 00 class 0x0c0330
[    0.136236] pci 0000:04:00.0: reg 0x10: [mem 0xf7200000-0xf7207fff 64bit]
[    0.136283] pci 0000:04:00.0: enabling Extended Tags
[    0.136352] pci 0000:04:00.0: PME# supported from D3hot D3cold
[    0.136421] pci 0000:00:1c.2: PCI bridge to [bus 04]
[    0.136425] pci 0000:00:1c.2:   bridge window [mem 0xf7200000-0xf72fffff]
[    0.136475] pci 0000:05:00.0: [144d:a804] type 00 class 0x010802
[    0.136499] pci 0000:05:00.0: reg 0x10: [mem 0xf7100000-0xf7103fff 64bit]
[    0.136653] pci 0000:00:1d.0: PCI bridge to [bus 05]
[    0.136656] pci 0000:00:1d.0:   bridge window [mem 0xf7100000-0xf71fffff]
[    0.138017] ACPI: PCI Interrupt Link [LNKA] (IRQs 3 4 5 6 10 *11 12 14 15)
[    0.138074] ACPI: PCI Interrupt Link [LNKB] (IRQs 3 4 5 6 *10 11 12 14 15)
[    0.138129] ACPI: PCI Interrupt Link [LNKC] (IRQs 3 4 5 6 10 11 12 14 *15)
[    0.138183] ACPI: PCI Interrupt Link [LNKD] (IRQs 3 4 5 6 10 11 12 14 15) *0, disabled.
[    0.138238] ACPI: PCI Interrupt Link [LNKE] (IRQs 3 4 5 6 10 11 12 14 15) *0, disabled.
[    0.138292] ACPI: PCI Interrupt Link [LNKF] (IRQs 3 4 5 6 10 11 12 14 15) *0, disabled.
[    0.138346] ACPI: PCI Interrupt Link [LNKG] (IRQs 3 4 5 6 10 11 12 14 15) *0, disabled.
[    0.138401] ACPI: PCI Interrupt Link [LNKH] (IRQs 3 4 5 6 10 11 12 14 15) *0, disabled.
[    0.139066] SCSI subsystem initialized
[    0.139079] libata version 3.00 loaded.
[    0.139079] pci 0000:01:00.0: vgaarb: setting as boot VGA device
[    0.139079] pci 0000:01:00.0: vgaarb: VGA device added: decodes=io+mem,owns=io+mem,locks=none
[    0.139079] pci 0000:01:00.0: vgaarb: bridge control possible
[    0.139079] vgaarb: loaded
[    0.139079] ACPI: bus type USB registered
[    0.139079] usbcore: registered new interface driver usbfs
[    0.139079] usbcore: registered new interface driver hub
[    0.139079] usbcore: registered new device driver usb
[    0.139079] EDAC MC: Ver: 3.0.0
[    0.139079] Registered efivars operations
[    0.172042] PCI: Using ACPI for IRQ routing
[    0.178505] PCI: pci_cache_line_size set to 64 bytes
[    0.178552] e820: reserve RAM buffer [mem 0x00058000-0x0005ffff]
[    0.178553] e820: reserve RAM buffer [mem 0x0009f000-0x0009ffff]
[    0.178553] e820: reserve RAM buffer [mem 0xb75a8000-0xb7ffffff]
[    0.178554] e820: reserve RAM buffer [mem 0xb7995000-0xb7ffffff]
[    0.178555] e820: reserve RAM buffer [mem 0xc465b000-0xc7ffffff]
[    0.178556] e820: reserve RAM buffer [mem 0xc6052000-0xc7ffffff]
[    0.178556] e820: reserve RAM buffer [mem 0xc7800000-0xc7ffffff]
[    0.178557] e820: reserve RAM buffer [mem 0x437000000-0x437ffffff]
[    0.178611] NetLabel: Initializing
[    0.178612] NetLabel:  domain hash size = 128
[    0.178612] NetLabel:  protocols = UNLABELED CIPSOv4 CALIPSO
[    0.178622] NetLabel:  unlabeled traffic allowed by default
[    0.178630] hpet0: at MMIO 0xfed00000, IRQs 2, 8, 0, 0, 0, 0, 0, 0
[    0.178630] hpet0: 8 comparators, 64-bit 24.000000 MHz counter
[    0.180018] clocksource: Switched to clocksource hpet
[    0.187209] VFS: Disk quotas dquot_6.6.0
[    0.187220] VFS: Dquot-cache hash table entries: 512 (order 0, 4096 bytes)
[    0.187287] AppArmor: AppArmor Filesystem Enabled
[    0.187300] pnp: PnP ACPI init
[    0.187490] system 00:00: [io  0x0290-0x029f] has been reserved
[    0.187494] system 00:00: Plug and Play ACPI device, IDs PNP0c02 (active)
[    0.187708] system 00:01: [io  0x0680-0x069f] has been reserved
[    0.187710] system 00:01: [io  0xffff] has been reserved
[    0.187711] system 00:01: [io  0xffff] has been reserved
[    0.187712] system 00:01: [io  0xffff] has been reserved
[    0.187713] system 00:01: [io  0x1800-0x18fe] has been reserved
[    0.187714] system 00:01: [io  0x164e-0x164f] has been reserved
[    0.187717] system 00:01: Plug and Play ACPI device, IDs PNP0c02 (active)
[    0.187796] system 00:02: [io  0x0800-0x087f] has been reserved
[    0.187798] system 00:02: Plug and Play ACPI device, IDs PNP0c02 (active)
[    0.187813] pnp 00:03: Plug and Play ACPI device, IDs PNP0b00 (active)
[    0.187842] system 00:04: [io  0x1854-0x1857] has been reserved
[    0.187845] system 00:04: Plug and Play ACPI device, IDs INT3f0d PNP0c02 (active)
[    0.188085] system 00:05: [mem 0xfed10000-0xfed17fff] has been reserved
[    0.188087] system 00:05: [mem 0xfed18000-0xfed18fff] has been reserved
[    0.188088] system 00:05: [mem 0xfed19000-0xfed19fff] has been reserved
[    0.188089] system 00:05: [mem 0xf8000000-0xfbffffff] has been reserved
[    0.188090] system 00:05: [mem 0xfed20000-0xfed3ffff] has been reserved
[    0.188091] system 00:05: [mem 0xfed90000-0xfed93fff] could not be reserved
[    0.188092] system 00:05: [mem 0xfed45000-0xfed8ffff] has been reserved
[    0.188094] system 00:05: [mem 0xff000000-0xffffffff] has been reserved
[    0.188095] system 00:05: [mem 0xfee00000-0xfeefffff] could not be reserved
[    0.188096] system 00:05: [mem 0xf7fe0000-0xf7ffffff] has been reserved
[    0.188099] system 00:05: Plug and Play ACPI device, IDs PNP0c02 (active)
[    0.188134] system 00:06: [mem 0xfd000000-0xfdabffff] has been reserved
[    0.188135] system 00:06: [mem 0xfdad0000-0xfdadffff] has been reserved
[    0.188136] system 00:06: [mem 0xfdac0000-0xfdacffff] has been reserved
[    0.188137] system 00:06: [mem 0xfdae0000-0xfdaeffff] has been reserved
[    0.188138] system 00:06: [mem 0xfdaf0000-0xfdafffff] has been reserved
[    0.188139] system 00:06: [mem 0xfdb00000-0xfdffffff] has been reserved
[    0.188141] system 00:06: [mem 0xfe000000-0xfe01ffff] could not be reserved
[    0.188142] system 00:06: [mem 0xfe036000-0xfe03bfff] has been reserved
[    0.188143] system 00:06: [mem 0xfe03d000-0xfe3fffff] has been reserved
[    0.188144] system 00:06: [mem 0xfe410000-0xfe7fffff] has been reserved
[    0.188146] system 00:06: Plug and Play ACPI device, IDs PNP0c02 (active)
[    0.188427] system 00:07: [io  0xfe00-0xfefe] has been reserved
[    0.188430] system 00:07: Plug and Play ACPI device, IDs PNP0c02 (active)
[    0.189600] system 00:08: [mem 0xfdaf0000-0xfdafffff] has been reserved
[    0.189601] system 00:08: [mem 0xfdae0000-0xfdaeffff] has been reserved
[    0.189602] system 00:08: [mem 0xfdac0000-0xfdacffff] has been reserved
[    0.189605] system 00:08: Plug and Play ACPI device, IDs PNP0c02 (active)
[    0.190458] pnp: PnP ACPI: found 9 devices
[    0.197677] clocksource: acpi_pm: mask: 0xffffff max_cycles: 0xffffff, max_idle_ns: 2085701024 ns
[    0.197703] pci 0000:00:01.0: PCI bridge to [bus 01]
[    0.197705] pci 0000:00:01.0:   bridge window [io  0xe000-0xefff]
[    0.197707] pci 0000:00:01.0:   bridge window [mem 0xf6000000-0xf70fffff]
[    0.197708] pci 0000:00:01.0:   bridge window [mem 0xe0000000-0xf1ffffff 64bit pref]
[    0.197711] pci 0000:00:1b.0: PCI bridge to [bus 02]
[    0.197719] pci 0000:00:1c.0: PCI bridge to [bus 03]
[    0.197726] pci 0000:00:1c.2: PCI bridge to [bus 04]
[    0.197728] pci 0000:00:1c.2:   bridge window [mem 0xf7200000-0xf72fffff]
[    0.197733] pci 0000:00:1d.0: PCI bridge to [bus 05]
[    0.197736] pci 0000:00:1d.0:   bridge window [mem 0xf7100000-0xf71fffff]
[    0.197741] pci_bus 0000:00: resource 4 [io  0x0000-0x0cf7 window]
[    0.197742] pci_bus 0000:00: resource 5 [io  0x0d00-0xffff window]
[    0.197743] pci_bus 0000:00: resource 6 [mem 0x000a0000-0x000bffff window]
[    0.197744] pci_bus 0000:00: resource 7 [mem 0xc8000000-0xf7ffffff window]
[    0.197745] pci_bus 0000:00: resource 8 [mem 0xfd000000-0xfe7fffff window]
[    0.197746] pci_bus 0000:01: resource 0 [io  0xe000-0xefff]
[    0.197747] pci_bus 0000:01: resource 1 [mem 0xf6000000-0xf70fffff]
[    0.197748] pci_bus 0000:01: resource 2 [mem 0xe0000000-0xf1ffffff 64bit pref]
[    0.197749] pci_bus 0000:04: resource 1 [mem 0xf7200000-0xf72fffff]
[    0.197750] pci_bus 0000:05: resource 1 [mem 0xf7100000-0xf71fffff]
[    0.197882] NET: Registered protocol family 2
[    0.198006] TCP established hash table entries: 131072 (order: 8, 1048576 bytes)
[    0.198126] TCP bind hash table entries: 65536 (order: 8, 1048576 bytes)
[    0.198201] TCP: Hash tables configured (established 131072 bind 65536)
[    0.198229] UDP hash table entries: 8192 (order: 6, 262144 bytes)
[    0.198258] UDP-Lite hash table entries: 8192 (order: 6, 262144 bytes)
[    0.198309] NET: Registered protocol family 1
[    0.198508] pci 0000:01:00.0: Video device with shadowed ROM at [mem 0x000c0000-0x000dffff]
[    0.198667] PCI: CLS 64 bytes, default 64
[    0.198689] Unpacking initramfs...
[    0.865932] Freeing initrd memory: 64668K
[    0.865954] DMAR: [Firmware Bug]: RMRR entry for device 04:00.0 is broken - applying workaround
[    0.865959] PCI-DMA: Using software bounce buffering for IO (SWIOTLB)
[    0.865961] software IO TLB [mem 0xb35a8000-0xb75a8000] (64MB) mapped at [        (ptrval)-        (ptrval)]
[    0.866308] clocksource: tsc: mask: 0xffffffffffffffff max_cycles: 0x2e02c4a121d, max_idle_ns: 440795236083 ns
[    0.866615] Scanning for low memory corruption every 60 seconds
[    0.867208] Initialise system trusted keyrings
[    0.867213] Key type blacklist registered
[    0.867279] workingset: timestamp_bits=36 max_order=22 bucket_order=0
[    0.867992] zbud: loaded
[    0.868393] squashfs: version 4.0 (2009/01/31) Phillip Lougher
[    0.868534] fuse init (API version 7.26)
[    0.870851] Key type asymmetric registered
[    0.870852] Asymmetric key parser 'x509' registered
[    0.870870] Block layer SCSI generic (bsg) driver version 0.4 loaded (major 246)
[    0.870926] io scheduler noop registered
[    0.870926] io scheduler deadline registered
[    0.870954] io scheduler cfq registered (default)
[    0.871784] pcieport 0000:00:1c.2: AER enabled with IRQ 121
[    0.871799] pcieport 0000:00:1d.0: AER enabled with IRQ 122
[    0.871844] efifb: probing for efifb
[    0.871852] efifb: framebuffer at 0xf1000000, using 3072k, total 3072k
[    0.871853] efifb: mode is 1024x768x32, linelength=4096, pages=1
[    0.871853] efifb: scrolling: redraw
[    0.871855] efifb: Truecolor: size=8:8:8:8, shift=24:16:8:0
[    0.871926] Console: switching to colour frame buffer device 128x48
[    0.871936] fb0: EFI VGA frame buffer device
[    0.871941] intel_idle: MWAIT substates: 0x11142120
[    0.871942] intel_idle: v0.4.1 model 0x9E
[    0.872560] intel_idle: lapic_timer_reliable_states 0xffffffff
[    0.872651] input: Sleep Button as /devices/LNXSYSTM:00/LNXSYBUS:00/PNP0C0E:00/input/input0
[    0.872660] ACPI: Sleep Button [SLPB]
[    0.872682] input: Power Button as /devices/LNXSYSTM:00/LNXSYBUS:00/PNP0C0C:00/input/input1
[    0.872689] ACPI: Power Button [PWRB]
[    0.872709] input: Power Button as /devices/LNXSYSTM:00/LNXPWRBN:00/input/input2
[    0.872756] ACPI: Power Button [PWRF]
[    0.938121] (NULL device *): hwmon_device_register() is deprecated. Please convert the driver to use hwmon_device_register_with_info().
[    0.996271] thermal LNXTHERM:00: registered as thermal_zone0
[    0.996272] ACPI: Thermal Zone [TZ00] (28 C)
[    0.996424] thermal LNXTHERM:01: registered as thermal_zone1
[    0.996425] ACPI: Thermal Zone [TZ01] (30 C)
[    0.996575] Serial: 8250/16550 driver, 32 ports, IRQ sharing enabled
[    1.017407] serial8250: ttyS0 at I/O 0x3f8 (irq = 4, base_baud = 115200) is a 16550A
[    1.019908] Linux agpgart interface v0.103
[    1.022168] loop: module loaded
[    1.022267] libphy: Fixed MDIO Bus: probed
[    1.022268] tun: Universal TUN/TAP device driver, 1.6
[    1.022308] PPP generic driver version 2.4.2
[    1.022353] ehci_hcd: USB 2.0 'Enhanced' Host Controller (EHCI) Driver
[    1.022354] ehci-pci: EHCI PCI platform driver
[    1.022360] ehci-platform: EHCI generic platform driver
[    1.022365] ohci_hcd: USB 1.1 'Open' Host Controller (OHCI) Driver
[    1.022366] ohci-pci: OHCI PCI platform driver
[    1.022371] ohci-platform: OHCI generic platform driver
[    1.022374] uhci_hcd: USB Universal Host Controller Interface driver
[    1.022471] xhci_hcd 0000:00:14.0: xHCI Host Controller
[    1.022474] xhci_hcd 0000:00:14.0: new USB bus registered, assigned bus number 1
[    1.023546] xhci_hcd 0000:00:14.0: hcc params 0x200077c1 hci version 0x100 quirks 0x00009810
[    1.023550] xhci_hcd 0000:00:14.0: cache line size of 64 is not supported
[    1.023660] usb usb1: New USB device found, idVendor=1d6b, idProduct=0002
[    1.023662] usb usb1: New USB device strings: Mfr=3, Product=2, SerialNumber=1
[    1.023663] usb usb1: Product: xHCI Host Controller
[    1.023664] usb usb1: Manufacturer: Linux 4.15.0-36-generic xhci-hcd
[    1.023664] usb usb1: SerialNumber: 0000:00:14.0
[    1.023782] hub 1-0:1.0: USB hub found
[    1.023797] hub 1-0:1.0: 16 ports detected
[    1.025450] xhci_hcd 0000:00:14.0: xHCI Host Controller
[    1.025452] xhci_hcd 0000:00:14.0: new USB bus registered, assigned bus number 2
[    1.025454] xhci_hcd 0000:00:14.0: Host supports USB 3.0  SuperSpeed
[    1.025475] usb usb2: New USB device found, idVendor=1d6b, idProduct=0003
[    1.025476] usb usb2: New USB device strings: Mfr=3, Product=2, SerialNumber=1
[    1.025477] usb usb2: Product: xHCI Host Controller
[    1.025478] usb usb2: Manufacturer: Linux 4.15.0-36-generic xhci-hcd
[    1.025479] usb usb2: SerialNumber: 0000:00:14.0
[    1.025589] hub 2-0:1.0: USB hub found
[    1.025599] hub 2-0:1.0: 10 ports detected
[    1.026743] xhci_hcd 0000:04:00.0: xHCI Host Controller
[    1.026746] xhci_hcd 0000:04:00.0: new USB bus registered, assigned bus number 3
[    1.085519] xhci_hcd 0000:04:00.0: hcc params 0x0200eec1 hci version 0x110 quirks 0x00000010
[    1.085712] usb usb3: New USB device found, idVendor=1d6b, idProduct=0002
[    1.085713] usb usb3: New USB device strings: Mfr=3, Product=2, SerialNumber=1
[    1.085714] usb usb3: Product: xHCI Host Controller
[    1.085715] usb usb3: Manufacturer: Linux 4.15.0-36-generic xhci-hcd
[    1.085716] usb usb3: SerialNumber: 0000:04:00.0
[    1.085829] hub 3-0:1.0: USB hub found
[    1.085834] hub 3-0:1.0: 2 ports detected
[    1.085887] xhci_hcd 0000:04:00.0: xHCI Host Controller
[    1.085889] xhci_hcd 0000:04:00.0: new USB bus registered, assigned bus number 4
[    1.085891] xhci_hcd 0000:04:00.0: Host supports USB 3.1 Enhanced SuperSpeed
[    1.085912] usb usb4: We don't know the algorithms for LPM for this host, disabling LPM.
[    1.085922] usb usb4: New USB device found, idVendor=1d6b, idProduct=0003
[    1.085923] usb usb4: New USB device strings: Mfr=3, Product=2, SerialNumber=1
[    1.085924] usb usb4: Product: xHCI Host Controller
[    1.085925] usb usb4: Manufacturer: Linux 4.15.0-36-generic xhci-hcd
[    1.085926] usb usb4: SerialNumber: 0000:04:00.0
[    1.086034] hub 4-0:1.0: USB hub found
[    1.086039] hub 4-0:1.0: 2 ports detected
[    1.086103] i8042: PNP: No PS/2 controller found.
[    1.086259] mousedev: PS/2 mouse device common for all mice
[    1.086595] rtc_cmos 00:03: RTC can wake from S4
[    1.086981] rtc_cmos 00:03: rtc core: registered rtc_cmos as rtc0
[    1.087064] rtc_cmos 00:03: alarms up to one month, y3k, 242 bytes nvram, hpet irqs
[    1.087068] i2c /dev entries driver
[    1.087071] pcie_mp2_amd: AMD(R) PCI-E MP2 Communication Driver Version: 1.0
[    1.087109] device-mapper: uevent: version 1.0.3
[    1.087175] device-mapper: ioctl: 4.37.0-ioctl (2017-09-20) initialised: dm-devel@redhat.com
[    1.087177] intel_pstate: Intel P-state driver initializing
[    1.087226] intel_pstate: Disabling energy efficiency optimization
[    1.088879] intel_pstate: HWP enabled
[    1.089746] ledtrig-cpu: registered to indicate activity on CPUs
[    1.089747] EFI Variables Facility v0.08 2004-May-17
[    1.131015] resource sanity check: requesting [mem 0xfdffe800-0xfe0007ff], which spans more than pnp 00:06 [mem 0xfdb00000-0xfdffffff]
[    1.131017] caller pmc_core_probe+0x99/0x224 mapping multiple BARs
[    1.131024] intel_pmc_core:  initialized
[    1.131194] NET: Registered protocol family 10
[    1.134704] Segment Routing with IPv6
[    1.134713] NET: Registered protocol family 17
[    1.134828] Key type dns_resolver registered
[    1.135840] RAS: Correctable Errors collector initialized.
[    1.135865] microcode: sig=0x906ea, pf=0x2, revision=0x96
[    1.136306] microcode: Microcode Update Driver: v2.2.
[    1.136311] sched_clock: Marking stable (1136295331, 0)->(1121393119, 14902212)
[    1.136716] registered taskstats version 1
[    1.136721] Loading compiled-in X.509 certificates
[    1.138387] Loaded X.509 cert 'Build time autogenerated kernel key: fcd93cd0852f7ae1da10896371e06e3c19479c00'
[    1.141119] Loaded UEFI:db cert 'ASUSTeK MotherBoard SW Key Certificate: da83b990422ebc8c441f8d8b039a65a2' linked to secondary sys keyring
[    1.141247] Loaded UEFI:db cert 'ASUSTeK Notebook SW Key Certificate: b8e581e4df77a5bb4282d5ccfc00c071' linked to secondary sys keyring
[    1.141262] Loaded UEFI:db cert 'Microsoft Corporation UEFI CA 2011: 13adbf4309bd82709c8cd54f316ed522988a1bd4' linked to secondary sys keyring
[    1.141274] Loaded UEFI:db cert 'Microsoft Windows Production PCA 2011: a92902398e16c49778cd90f99e4f9ae17c55af53' linked to secondary sys keyring
[    1.141403] Loaded UEFI:db cert 'Canonical Ltd. Master Certificate Authority: ad91990bc22ab1f517048c23b6655a268e345a63' linked to secondary sys keyring
[    1.141787] Couldn't get size: 0x800000000000000e
[    1.141788] MODSIGN: Couldn't get UEFI MokListRT
[    1.142706] zswap: loaded using pool lzo/zbud
[    1.145335] Key type big_key registered
[    1.145337] Key type trusted registered
[    1.146465] Key type encrypted registered
[    1.146466] AppArmor: AppArmor sha1 policy hashing enabled
[    1.146468] ima: No TPM chip found, activating TPM-bypass! (rc=-19)
[    1.146469] ima: Allocated hash algorithm: sha1
[    1.146479] evm: HMAC attrs: 0x1
[    1.147291]   Magic number: 10:152:688
[    1.147500] rtc_cmos 00:03: setting system clock to 2018-11-20 14:40:37 UTC (1542724837)
[    1.147582] BIOS EDD facility v0.16 2004-Jun-25, 0 devices found
[    1.147582] EDD information not available.
[    1.368075] usb 1-5: new full-speed USB device number 2 using xhci_hcd
[    1.424365] usb 4-2: new SuperSpeed USB device number 2 using xhci_hcd
[    1.435628] Freeing unused kernel memory: 2408K
[    1.488122] Write protecting the kernel read-only data: 20480k
[    1.489207] Freeing unused kernel memory: 2008K
[    1.491360] Freeing unused kernel memory: 1896K
[    1.494856] x86/mm: Checked W+X mappings: passed, no W+X pages found.
[    1.494857] x86/mm: Checking user space page tables
[    1.498231] x86/mm: Checked W+X mappings: passed, no W+X pages found.
[    1.520880] usb 1-5: New USB device found, idVendor=0483, idProduct=5222
[    1.520881] usb 1-5: New USB device strings: Mfr=1, Product=2, SerialNumber=3
[    1.520882] usb 1-5: Product: 108EC-S
[    1.520883] usb 1-5: Manufacturer: CATEX TECH.
[    1.520884] usb 1-5: SerialNumber: CA2015050002
[    1.528484] hidraw: raw HID events driver (C) Jiri Kosina
[    1.530748] usbcore: registered new interface driver usbhid
[    1.530748] usbhid: USB HID core driver
[    1.532360] input: CATEX TECH. 108EC-S as /devices/pci0000:00/0000:00:14.0/usb1/1-5/1-5:1.0/0003:0483:5222.0001/input/input3
[    1.560482] ipmi message handler version 39.2
[    1.561413] ipmi device interface
[    1.562464] pps_core: LinuxPPS API ver. 1 registered
[    1.562464] pps_core: Software ver. 5.3.6 - Copyright 2005-2007 Rodolfo Giometti <giometti@linux.it>
[    1.562585] ahci 0000:00:17.0: version 3.0
[    1.563392] nvme nvme0: pci function 0000:05:00.0
[    1.563516] PTP clock support registered
[    1.566737] e1000e: Intel(R) PRO/1000 Network Driver - 3.2.6-k
[    1.566738] e1000e: Copyright(c) 1999 - 2015 Intel Corporation.
[    1.572935] ahci 0000:00:17.0: AHCI 0001.0301 32 slots 6 ports 6 Gbps 0x3f impl SATA mode
[    1.572937] ahci 0000:00:17.0: flags: 64bit ncq sntf led clo only pio slum part ems deso sadm sds apst 
[    1.592205] hid-generic 0003:0483:5222.0001: input,hidraw0: USB HID v1.10 Keyboard [CATEX TECH. 108EC-S] on usb-0000:00:14.0-5/input0
[    1.592341] hid-generic 0003:0483:5222.0002: hiddev0,hidraw1: USB HID v1.00 Device [CATEX TECH. 108EC-S] on usb-0000:00:14.0-5/input1
[    1.592479] input: CATEX TECH. 108EC-S as /devices/pci0000:00/0000:00:14.0/usb1/1-5/1-5:1.2/0003:0483:5222.0003/input/input4
[    1.629472] PKCS#7 signature not signed with a trusted key
[    1.629482] nvidia: loading out-of-tree module taints kernel.
[    1.629488] nvidia: module license 'NVIDIA' taints kernel.
[    1.629489] Disabling lock debugging due to kernel taint
[    1.640735] scsi host0: ahci
[    1.641018] scsi host1: ahci
[    1.641254] scsi host2: ahci
[    1.641491] scsi host3: ahci
[    1.641745] scsi host4: ahci
[    1.641991] scsi host5: ahci
[    1.642022] ata1: SATA max UDMA/133 abar m2048@0xf734b000 port 0xf734b100 irq 132
[    1.642026] ata2: SATA max UDMA/133 abar m2048@0xf734b000 port 0xf734b180 irq 132
[    1.642027] ata3: SATA max UDMA/133 abar m2048@0xf734b000 port 0xf734b200 irq 132
[    1.642028] ata4: SATA max UDMA/133 abar m2048@0xf734b000 port 0xf734b280 irq 132
[    1.642032] ata5: SATA max UDMA/133 abar m2048@0xf734b000 port 0xf734b300 irq 132
[    1.642033] ata6: SATA max UDMA/133 abar m2048@0xf734b000 port 0xf734b380 irq 132
[    1.642362] e1000e 0000:00:1f.6: Interrupt Throttling Rate (ints/sec) set to dynamic conservative mode
[    1.644212] nvidia: module verification failed: signature and/or required key missing - tainting kernel
[    1.649501] nvidia-nvlink: Nvlink Core is being initialized, major device number 237
[    1.649677] nvidia 0000:01:00.0: vgaarb: changed VGA decodes: olddecodes=io+mem,decodes=none:owns=io+mem
[    1.649723] NVRM: loading NVIDIA UNIX x86_64 Kernel Module  390.77  Tue Jul 10 18:28:52 PDT 2018 (using threaded interrupts)
[    1.654478] PKCS#7 signature not signed with a trusted key
[    1.655394] nvidia-modeset: Loading NVIDIA Kernel Mode Setting Driver for UNIX platforms  390.77  Tue Jul 10 22:10:46 PDT 2018
[    1.655687] PKCS#7 signature not signed with a trusted key
[    1.656086] [drm] [nvidia-drm] [GPU ID 0x00000100] Loading driver
[    1.656087] [drm] Initialized nvidia-drm 0.0.0 20160202 for 0000:01:00.0 on minor 0
[    1.656118] hid-generic 0003:0483:5222.0003: input,hidraw2: USB HID v1.10 Keyboard [CATEX TECH. 108EC-S] on usb-0000:00:14.0-5/input2
[    1.685217] usb 4-2: New USB device found, idVendor=2109, idProduct=0812
[    1.685218] usb 4-2: New USB device strings: Mfr=1, Product=2, SerialNumber=0
[    1.685219] usb 4-2: Product: USB3.0 Hub             
[    1.685220] usb 4-2: Manufacturer: VIA Labs, Inc.         
[    1.686492] hub 4-2:1.0: USB hub found
[    1.686972] hub 4-2:1.0: 4 ports detected
[    1.805716]  nvme0n1: p1 p2 p3 p4
[    1.876126] usb 3-2: new high-speed USB device number 2 using xhci_hcd
[    1.884311] clocksource: Switched to clocksource tsc
[    1.887180] e1000e 0000:00:1f.6 0000:00:1f.6 (uninitialized): registered PHC clock
[    1.955025] e1000e 0000:00:1f.6 eth0: (PCI Express:2.5GT/s:Width x1) 4c:ed:fb:cb:23:e5
[    1.955026] e1000e 0000:00:1f.6 eth0: Intel(R) PRO/1000 Network Connection
[    1.955081] e1000e 0000:00:1f.6 eth0: MAC: 12, PHY: 12, PBA No: FFFFFF-0FF
[    1.955639] e1000e 0000:00:1f.6 enp0s31f6: renamed from eth0
[    1.956045] ata4: SATA link down (SStatus 4 SControl 300)
[    1.956076] ata3: SATA link down (SStatus 4 SControl 300)
[    1.956102] ata6: SATA link down (SStatus 4 SControl 300)
[    1.956143] ata1: SATA link up 6.0 Gbps (SStatus 133 SControl 300)
[    1.956181] ata5: SATA link down (SStatus 4 SControl 300)
[    1.956207] ata2: SATA link down (SStatus 4 SControl 300)
[    1.957082] ata1.00: ACPI cmd ef/10:06:00:00:00:00 (SET FEATURES) succeeded
[    1.957083] ata1.00: ACPI cmd f5/00:00:00:00:00:00 (SECURITY FREEZE LOCK) filtered out
[    1.957085] ata1.00: ACPI cmd b1/c1:00:00:00:00:00 (DEVICE CONFIGURATION OVERLAY) filtered out
[    1.957632] ata1.00: ATA-9: WDC WD20EZRZ-00Z5HB0, 80.00A80, max UDMA/133
[    1.957633] ata1.00: 3907029168 sectors, multi 16: LBA48 NCQ (depth 31/32), AA
[    1.958528] ata1.00: ACPI cmd ef/10:06:00:00:00:00 (SET FEATURES) succeeded
[    1.958529] ata1.00: ACPI cmd f5/00:00:00:00:00:00 (SECURITY FREEZE LOCK) filtered out
[    1.958531] ata1.00: ACPI cmd b1/c1:00:00:00:00:00 (DEVICE CONFIGURATION OVERLAY) filtered out
[    1.959003] ata1.00: configured for UDMA/133
[    1.959133] scsi 0:0:0:0: Direct-Access     ATA      WDC WD20EZRZ-00Z 0A80 PQ: 0 ANSI: 5
[    1.959353] sd 0:0:0:0: Attached scsi generic sg0 type 0
[    1.959550] sd 0:0:0:0: [sda] 3907029168 512-byte logical blocks: (2.00 TB/1.82 TiB)
[    1.959565] sd 0:0:0:0: [sda] 4096-byte physical blocks
[    1.959602] sd 0:0:0:0: [sda] Write Protect is off
[    1.959603] sd 0:0:0:0: [sda] Mode Sense: 00 3a 00 00
[    1.959653] sd 0:0:0:0: [sda] Write cache: enabled, read cache: enabled, doesn't support DPO or FUA
[    2.022592] ldm_parse_tocblock(): Cannot find TOCBLOCK, database may be corrupt.
[    2.022595] ldm_parse_tocblock(): Cannot find TOCBLOCK, database may be corrupt.
[    2.032585] random: fast init done
[    2.034750]  sda: [LDM] sda1
[    2.034900] random: systemd-udevd: uninitialized urandom read (16 bytes read)
[    2.034905] random: systemd-udevd: uninitialized urandom read (16 bytes read)
[    2.034935] random: systemd-udevd: uninitialized urandom read (16 bytes read)
[    2.035337] sd 0:0:0:0: [sda] Attached SCSI disk
[    2.095370] usb 3-2: New USB device found, idVendor=2109, idProduct=2812
[    2.095371] usb 3-2: New USB device strings: Mfr=1, Product=2, SerialNumber=0
[    2.095372] usb 3-2: Product: USB2.0 Hub             
[    2.095373] usb 3-2: Manufacturer: VIA Labs, Inc.         
[    2.096325] hub 3-2:1.0: USB hub found
[    2.096686] hub 3-2:1.0: 4 ports detected
[    2.218861] EXT4-fs (nvme0n1p4): mounted filesystem with ordered data mode. Opts: (null)
[    2.313558] ip_tables: (C) 2000-2006 Netfilter Core Team
[    2.394978] systemd[1]: systemd 237 running in system mode. (+PAM +AUDIT +SELINUX +IMA +APPARMOR +SMACK +SYSVINIT +UTMP +LIBCRYPTSETUP +GCRYPT +GNUTLS +ACL +XZ +LZ4 +SECCOMP +BLKID +ELFUTILS +KMOD -IDN2 +IDN -PCRE2 default-hierarchy=hybrid)
[    2.404096] usb 3-2.3: new low-speed USB device number 3 using xhci_hcd
[    2.412616] systemd[1]: Detected architecture x86-64.
[    2.414731] systemd[1]: Set hostname to <avengers>.
[    2.479738] systemd[1]: Created slice User and Session Slice.
[    2.479828] systemd[1]: Created slice System Slice.
[    2.479872] systemd[1]: Listening on LVM2 metadata daemon socket.
[    2.479907] systemd[1]: Listening on Journal Socket (/dev/log).
[    2.479931] systemd[1]: Listening on LVM2 poll daemon socket.
[    2.479955] systemd[1]: Listening on udev Kernel Socket.
[    2.479980] systemd[1]: Listening on Syslog Socket.
[    2.493284] EXT4-fs (nvme0n1p4): re-mounted. Opts: errors=remount-ro
[    2.494542] lp: driver loaded but no devices found
[    2.496604] ppdev: user-space parallel port driver
[    2.521928] systemd-journald[328]: Received request to flush runtime journal from PID 1
[    2.547132] Adding 2097148k swap on /swapfile.  Priority:-2 extents:6 across:2260988k SSFS
[    2.594212] PKCS#7 signature not signed with a trusted key
[    2.595991] nvidia-uvm: Loaded the UVM driver in 8 mode, major device number 236
[    2.597220] random: crng init done
[    2.597220] random: 7 urandom warning(s) missed due to ratelimiting
[    2.598124] usb 3-2.3: New USB device found, idVendor=046d, idProduct=c077
[    2.598126] usb 3-2.3: New USB device strings: Mfr=1, Product=2, SerialNumber=0
[    2.598127] usb 3-2.3: Product: USB Optical Mouse
[    2.598128] usb 3-2.3: Manufacturer: Logitech
[    2.599523] shpchp: Standard Hot Plug PCI Controller Driver version: 0.4
[    2.604650] input: Logitech USB Optical Mouse as /devices/pci0000:00/0000:00:1c.2/0000:04:00.0/usb3/3-2/3-2.3/3-2.3:1.0/0003:046D:C077.0004/input/input5
[    2.604751] hid-generic 0003:046D:C077.0004: input,hidraw3: USB HID v1.11 Mouse [Logitech USB Optical Mouse] on usb-0000:04:00.0-2.3/input0
[    2.606688] mei_me 0000:00:16.0: enabling device (0000 -> 0002)
[    2.624377] RAPL PMU: API unit is 2^-32 Joules, 5 fixed counters, 655360 ms ovfl timer
[    2.624378] RAPL PMU: hw unit of domain pp0-core 2^-14 Joules
[    2.624378] RAPL PMU: hw unit of domain package 2^-14 Joules
[    2.624379] RAPL PMU: hw unit of domain dram 2^-14 Joules
[    2.624379] RAPL PMU: hw unit of domain pp1-gpu 2^-14 Joules
[    2.624379] RAPL PMU: hw unit of domain psys 2^-14 Joules
[    2.700078] usb 3-2.4: new high-speed USB device number 4 using xhci_hcd
[    2.743711] asus_wmi: ASUS WMI generic driver loaded
[    2.744832] asus_wmi: Initialization: 0x0
[    2.744872] asus_wmi: BIOS WMI version: 0.9
[    2.745049] asus_wmi: SFUN value: 0x0
[    2.745582] input: Eee PC WMI hotkeys as /devices/platform/eeepc-wmi/input/input6
[    2.745808] asus_wmi: Number of fans: 1
[    2.765288] snd_hda_intel 0000:01:00.1: Disabling MSI
[    2.765291] snd_hda_intel 0000:01:00.1: Handle vga_switcheroo audio client
[    2.777794] snd_hda_codec_realtek hdaudioC0D0: autoconfig for ALC887-VD: line_outs=1 (0x14/0x0/0x0/0x0/0x0) type:line
[    2.777795] snd_hda_codec_realtek hdaudioC0D0:    speaker_outs=0 (0x0/0x0/0x0/0x0/0x0)
[    2.777796] snd_hda_codec_realtek hdaudioC0D0:    hp_outs=1 (0x1b/0x0/0x0/0x0/0x0)
[    2.777797] snd_hda_codec_realtek hdaudioC0D0:    mono: mono_out=0x0
[    2.777798] snd_hda_codec_realtek hdaudioC0D0:    dig-out=0x11/0x0
[    2.777799] snd_hda_codec_realtek hdaudioC0D0:    inputs:
[    2.777800] snd_hda_codec_realtek hdaudioC0D0:      Front Mic=0x19
[    2.777800] snd_hda_codec_realtek hdaudioC0D0:      Rear Mic=0x18
[    2.777801] snd_hda_codec_realtek hdaudioC0D0:      Line=0x1a
[    2.788788] input: HDA Intel PCH Front Mic as /devices/pci0000:00/0000:00:1f.3/sound/card0/input7
[    2.788828] input: HDA Intel PCH Rear Mic as /devices/pci0000:00/0000:00:1f.3/sound/card0/input8
[    2.788863] input: HDA Intel PCH Line as /devices/pci0000:00/0000:00:1f.3/sound/card0/input9
[    2.788903] input: HDA Intel PCH Line Out as /devices/pci0000:00/0000:00:1f.3/sound/card0/input10
[    2.788932] input: HDA Intel PCH Front Headphone as /devices/pci0000:00/0000:00:1f.3/sound/card0/input11
[    2.813308] usb 3-2.4: New USB device found, idVendor=05e3, idProduct=0608
[    2.813309] usb 3-2.4: New USB device strings: Mfr=0, Product=1, SerialNumber=0
[    2.813310] usb 3-2.4: Product: USB2.0 Hub
[    2.814159] hub 3-2.4:1.0: USB hub found
[    2.814413] hub 3-2.4:1.0: 4 ports detected
[    2.834408] AVX2 version of gcm_enc/dec engaged.
[    2.834408] AES CTR mode by8 optimization enabled
[    3.051493] intel_rapl: Found RAPL domain package
[    3.051494] intel_rapl: Found RAPL domain core
[    3.051494] intel_rapl: Found RAPL domain dram
[    3.104012] usb 3-2.4.3: new full-speed USB device number 5 using xhci_hcd
[    3.379809] usb 3-2.4.3: New USB device found, idVendor=046d, idProduct=c084
[    3.379810] usb 3-2.4.3: New USB device strings: Mfr=1, Product=2, SerialNumber=3
[    3.379811] usb 3-2.4.3: Product: G102 Prodigy Gaming Mouse
[    3.379812] usb 3-2.4.3: Manufacturer: Logitech
[    3.379813] usb 3-2.4.3: SerialNumber: 047636633635
[    3.381635] input: Logitech G102 Prodigy Gaming Mouse as /devices/pci0000:00/0000:00:1c.2/0000:04:00.0/usb3/3-2/3-2.4/3-2.4.3/3-2.4.3:1.0/0003:046D:C084.0005/input/input12
[    3.381687] hid-generic 0003:046D:C084.0005: input,hidraw4: USB HID v1.11 Mouse [Logitech G102 Prodigy Gaming Mouse] on usb-0000:04:00.0-2.4.3/input0
[    3.382560] input: Logitech G102 Prodigy Gaming Mouse as /devices/pci0000:00/0000:00:1c.2/0000:04:00.0/usb3/3-2/3-2.4/3-2.4.3/3-2.4.3:1.1/0003:046D:C084.0006/input/input13
[    3.384183] audit: type=1400 audit(1542724839.732:2): apparmor="STATUS" operation="profile_load" profile="unconfined" name="libreoffice-soffice" pid=782 comm="apparmor_parser"
[    3.384185] audit: type=1400 audit(1542724839.732:3): apparmor="STATUS" operation="profile_load" profile="unconfined" name="libreoffice-soffice//gpg" pid=782 comm="apparmor_parser"
[    3.385414] audit: type=1400 audit(1542724839.732:4): apparmor="STATUS" operation="profile_load" profile="unconfined" name="libreoffice-senddoc" pid=781 comm="apparmor_parser"
[    3.385943] audit: type=1400 audit(1542724839.732:5): apparmor="STATUS" operation="profile_load" profile="unconfined" name="/usr/sbin/dhcpd" pid=787 comm="apparmor_parser"
[    3.386768] audit: type=1400 audit(1542724839.732:6): apparmor="STATUS" operation="profile_load" profile="unconfined" name="/usr/sbin/ippusbxd" pid=788 comm="apparmor_parser"
[    3.386825] audit: type=1400 audit(1542724839.732:7): apparmor="STATUS" operation="profile_load" profile="unconfined" name="/usr/sbin/tcpdump" pid=790 comm="apparmor_parser"
[    3.386866] audit: type=1400 audit(1542724839.732:8): apparmor="STATUS" operation="profile_load" profile="unconfined" name="/usr/bin/man" pid=779 comm="apparmor_parser"
[    3.386868] audit: type=1400 audit(1542724839.732:9): apparmor="STATUS" operation="profile_load" profile="unconfined" name="man_filter" pid=779 comm="apparmor_parser"
[    3.386870] audit: type=1400 audit(1542724839.732:10): apparmor="STATUS" operation="profile_load" profile="unconfined" name="man_groff" pid=779 comm="apparmor_parser"
[    3.440093] hid-generic 0003:046D:C084.0006: input,hiddev1,hidraw5: USB HID v1.11 Keyboard [Logitech G102 Prodigy Gaming Mouse] on usb-0000:04:00.0-2.4.3/input1
[    3.652845] input: HDA NVidia HDMI/DP,pcm=3 as /devices/pci0000:00/0000:00:01.0/0000:01:00.1/sound/card1/input14
[    3.652874] input: HDA NVidia HDMI/DP,pcm=7 as /devices/pci0000:00/0000:00:01.0/0000:01:00.1/sound/card1/input15
[    3.652899] input: HDA NVidia HDMI/DP,pcm=8 as /devices/pci0000:00/0000:00:01.0/0000:01:00.1/sound/card1/input16
[    3.652923] input: HDA NVidia HDMI/DP,pcm=9 as /devices/pci0000:00/0000:00:01.0/0000:01:00.1/sound/card1/input17
[    3.796207] nf_conntrack version 0.5.0 (65536 buckets, 262144 max)
[    4.033232] ip6_tables: (C) 2000-2006 Netfilter Core Team
[    4.300258] IPv6: ADDRCONF(NETDEV_UP): enp0s31f6: link is not ready
[    7.258352] e1000e: enp0s31f6 NIC Link is Up 1000 Mbps Full Duplex, Flow Control: None
[    7.258421] IPv6: ADDRCONF(NETDEV_CHANGE): enp0s31f6: link becomes ready
[   24.920057] snd_hda_codec_hdmi hdaudioC1D0: HDMI: invalid ELD data byte 6
[   24.968047] snd_hda_codec_hdmi hdaudioC1D0: HDMI: invalid ELD data byte 1
[   31.924369] rfkill: input handler disabled
[   32.250301] kauditd_printk_skb: 39 callbacks suppressed
[   32.250301] audit: type=1400 audit(1542724868.596:50): apparmor="DENIED" operation="file_lock" profile="/usr/share/hplip/systray.py" name="/etc/xdg/Trolltech.conf" pid=1991 comm="python" requested_mask="k" denied_mask="k" fsuid=1000 ouid=0
[   40.080894] audit: type=1400 audit(1542692475.381:51): apparmor="DENIED" operation="open" profile="/usr/sbin/cups-browsed" name="/usr/share/cups/locale/" pid=916 comm="cups-browsed" requested_mask="r" denied_mask="r" fsuid=0 ouid=0
[   40.080896] audit: type=1400 audit(1542692475.381:52): apparmor="DENIED" operation="open" profile="/usr/sbin/cups-browsed" name="/usr/share/locale/" pid=916 comm="cups-browsed" requested_mask="r" denied_mask="r" fsuid=0 ouid=0
